Check category map: classic rock
